/root/so100_ws/src/freemodel/freemodel/install/freemodel/lib/python3.12/site-packages/freemodel/fm_offline_spsa.py
/root/so100_ws/src/freemodel/freemodel/install/freemodel/lib/python3.12/site-packages/freemodel/fm_follower.py
/root/so100_ws/src/freemodel/freemodel/install/freemodel/lib/python3.12/site-packages/freemodel/__init__.py
/root/so100_ws/src/freemodel/freemodel/install/freemodel/lib/python3.12/site-packages/freemodel/plot_results.py
/root/so100_ws/src/freemodel/freemodel/install/freemodel/lib/python3.12/site-packages/freemodel/fm_pipeline.py
/root/so100_ws/src/freemodel/freemodel/install/freemodel/lib/python3.12/site-packages/freemodel/fm_demo.py
/root/so100_ws/src/freemodel/freemodel/install/freemodel/lib/python3.12/site-packages/freemodel/fm_leader.py
/root/so100_ws/src/freemodel/freemodel/install/freemodel/lib/python3.12/site-packages/freemodel/__pycache__/fm_offline_spsa.cpython-312.pyc
/root/so100_ws/src/freemodel/freemodel/install/freemodel/lib/python3.12/site-packages/freemodel/__pycache__/fm_follower.cpython-312.pyc
/root/so100_ws/src/freemodel/freemodel/install/freemodel/lib/python3.12/site-packages/freemodel/__pycache__/__init__.cpython-312.pyc
/root/so100_ws/src/freemodel/freemodel/install/freemodel/lib/python3.12/site-packages/freemodel/__pycache__/plot_results.cpython-312.pyc
/root/so100_ws/src/freemodel/freemodel/install/freemodel/lib/python3.12/site-packages/freemodel/__pycache__/fm_pipeline.cpython-312.pyc
/root/so100_ws/src/freemodel/freemodel/install/freemodel/lib/python3.12/site-packages/freemodel/__pycache__/fm_demo.cpython-312.pyc
/root/so100_ws/src/freemodel/freemodel/install/freemodel/lib/python3.12/site-packages/freemodel/__pycache__/fm_leader.cpython-312.pyc
/root/so100_ws/src/freemodel/freemodel/install/freemodel/share/ament_index/resource_index/packages/freemodel
/root/so100_ws/src/freemodel/freemodel/install/freemodel/share/freemodel/package.xml
/root/so100_ws/src/freemodel/freemodel/install/freemodel/lib/python3.12/site-packages/freemodel-0.0.0-py3.12.egg-info/entry_points.txt
/root/so100_ws/src/freemodel/freemodel/install/freemodel/lib/python3.12/site-packages/freemodel-0.0.0-py3.12.egg-info/top_level.txt
/root/so100_ws/src/freemodel/freemodel/install/freemodel/lib/python3.12/site-packages/freemodel-0.0.0-py3.12.egg-info/zip-safe
/root/so100_ws/src/freemodel/freemodel/install/freemodel/lib/python3.12/site-packages/freemodel-0.0.0-py3.12.egg-info/PKG-INFO
/root/so100_ws/src/freemodel/freemodel/install/freemodel/lib/python3.12/site-packages/freemodel-0.0.0-py3.12.egg-info/dependency_links.txt
/root/so100_ws/src/freemodel/freemodel/install/freemodel/lib/python3.12/site-packages/freemodel-0.0.0-py3.12.egg-info/SOURCES.txt
/root/so100_ws/src/freemodel/freemodel/install/freemodel/lib/python3.12/site-packages/freemodel-0.0.0-py3.12.egg-info/requires.txt
/root/so100_ws/src/freemodel/freemodel/install/freemodel/lib/freemodel/fm_demo
/root/so100_ws/src/freemodel/freemodel/install/freemodel/lib/freemodel/fm_follower
/root/so100_ws/src/freemodel/freemodel/install/freemodel/lib/freemodel/fm_leader
/root/so100_ws/src/freemodel/freemodel/install/freemodel/lib/freemodel/fm_pipeline
