running egg_info
creating build/freemodel/freemodel.egg-info
writing build/freemodel/freemodel.egg-info/PKG-INFO
writing dependency_links to build/freemodel/freemodel.egg-info/dependency_links.txt
writing entry points to build/freemodel/freemodel.egg-info/entry_points.txt
writing requirements to build/freemodel/freemodel.egg-info/requires.txt
writing top-level names to build/freemodel/freemodel.egg-info/top_level.txt
writing manifest file 'build/freemodel/freemodel.egg-info/SOURCES.txt'
reading manifest file 'build/freemodel/freemodel.egg-info/SOURCES.txt'
writing manifest file 'build/freemodel/freemodel.egg-info/SOURCES.txt'
running build
running build_py
creating /root/so100_ws/src/freemodel/freemodel/build/freemodel/build
creating /root/so100_ws/src/freemodel/freemodel/build/freemodel/build/lib
creating /root/so100_ws/src/freemodel/freemodel/build/freemodel/build/lib/freemodel
copying freemodel/fm_offline_spsa.py -> /root/so100_ws/src/freemodel/freemodel/build/freemodel/build/lib/freemodel
copying freemodel/fm_follower.py -> /root/so100_ws/src/freemodel/freemodel/build/freemodel/build/lib/freemodel
copying freemodel/__init__.py -> /root/so100_ws/src/freemodel/freemodel/build/freemodel/build/lib/freemodel
copying freemodel/plot_results.py -> /root/so100_ws/src/freemodel/freemodel/build/freemodel/build/lib/freemodel
copying freemodel/fm_pipeline.py -> /root/so100_ws/src/freemodel/freemodel/build/freemodel/build/lib/freemodel
copying freemodel/fm_demo.py -> /root/so100_ws/src/freemodel/freemodel/build/freemodel/build/lib/freemodel
copying freemodel/fm_leader.py -> /root/so100_ws/src/freemodel/freemodel/build/freemodel/build/lib/freemodel
running install
running install_lib
creating /root/so100_ws/src/freemodel/freemodel/install/freemodel/lib/python3.12/site-packages/freemodel
copying /root/so100_ws/src/freemodel/freemodel/build/freemodel/build/lib/freemodel/fm_offline_spsa.py -> /root/so100_ws/src/freemodel/freemodel/install/freemodel/lib/python3.12/site-packages/freemodel
copying /root/so100_ws/src/freemodel/freemodel/build/freemodel/build/lib/freemodel/fm_follower.py -> /root/so100_ws/src/freemodel/freemodel/install/freemodel/lib/python3.12/site-packages/freemodel
copying /root/so100_ws/src/freemodel/freemodel/build/freemodel/build/lib/freemodel/__init__.py -> /root/so100_ws/src/freemodel/freemodel/install/freemodel/lib/python3.12/site-packages/freemodel
copying /root/so100_ws/src/freemodel/freemodel/build/freemodel/build/lib/freemodel/plot_results.py -> /root/so100_ws/src/freemodel/freemodel/install/freemodel/lib/python3.12/site-packages/freemodel
copying /root/so100_ws/src/freemodel/freemodel/build/freemodel/build/lib/freemodel/fm_pipeline.py -> /root/so100_ws/src/freemodel/freemodel/install/freemodel/lib/python3.12/site-packages/freemodel
copying /root/so100_ws/src/freemodel/freemodel/build/freemodel/build/lib/freemodel/fm_demo.py -> /root/so100_ws/src/freemodel/freemodel/install/freemodel/lib/python3.12/site-packages/freemodel
copying /root/so100_ws/src/freemodel/freemodel/build/freemodel/build/lib/freemodel/fm_leader.py -> /root/so100_ws/src/freemodel/freemodel/install/freemodel/lib/python3.12/site-packages/freemodel
byte-compiling /root/so100_ws/src/freemodel/freemodel/install/freemodel/lib/python3.12/site-packages/freemodel/fm_offline_spsa.py to fm_offline_spsa.cpython-312.pyc
byte-compiling /root/so100_ws/src/freemodel/freemodel/install/freemodel/lib/python3.12/site-packages/freemodel/fm_follower.py to fm_follower.cpython-312.pyc
byte-compiling /root/so100_ws/src/freemodel/freemodel/install/freemodel/lib/python3.12/site-packages/freemodel/__init__.py to __init__.cpython-312.pyc
byte-compiling /root/so100_ws/src/freemodel/freemodel/install/freemodel/lib/python3.12/site-packages/freemodel/plot_results.py to plot_results.cpython-312.pyc
byte-compiling /root/so100_ws/src/freemodel/freemodel/install/freemodel/lib/python3.12/site-packages/freemodel/fm_pipeline.py to fm_pipeline.cpython-312.pyc
byte-compiling /root/so100_ws/src/freemodel/freemodel/install/freemodel/lib/python3.12/site-packages/freemodel/fm_demo.py to fm_demo.cpython-312.pyc
byte-compiling /root/so100_ws/src/freemodel/freemodel/install/freemodel/lib/python3.12/site-packages/freemodel/fm_leader.py to fm_leader.cpython-312.pyc
running install_data
creating /root/so100_ws/src/freemodel/freemodel/install/freemodel/share/ament_index
creating /root/so100_ws/src/freemodel/freemodel/install/freemodel/share/ament_index/resource_index
creating /root/so100_ws/src/freemodel/freemodel/install/freemodel/share/ament_index/resource_index/packages
copying resource/freemodel -> /root/so100_ws/src/freemodel/freemodel/install/freemodel/share/ament_index/resource_index/packages
copying package.xml -> /root/so100_ws/src/freemodel/freemodel/install/freemodel/share/freemodel
running install_egg_info
Copying build/freemodel/freemodel.egg-info to /root/so100_ws/src/freemodel/freemodel/install/freemodel/lib/python3.12/site-packages/freemodel-0.0.0-py3.12.egg-info
running install_scripts
Installing fm_demo script to /root/so100_ws/src/freemodel/freemodel/install/freemodel/lib/freemodel
Installing fm_follower script to /root/so100_ws/src/freemodel/freemodel/install/freemodel/lib/freemodel
Installing fm_leader script to /root/so100_ws/src/freemodel/freemodel/install/freemodel/lib/freemodel
Installing fm_pipeline script to /root/so100_ws/src/freemodel/freemodel/install/freemodel/lib/freemodel
writing list of installed files to '/root/so100_ws/src/freemodel/freemodel/build/freemodel/install.log'
